exports[`test renders correctly 1`] = `
<Image
  source={1} />
`;
