exports[`test renders correctly 1`] = `
<View
  style={
    Object {
      "height": 20,
    }
  } />
`;
